Open Watcom Linker Version 1.9
Portions Copyright (c) 1985-2002 Sybase, Inc. All Rights Reserved.
Created on:       16/01/17 00:08:56
Executable Image: Socket_Server_03.exe
creating a Windows NT character-mode executable


                        +------------+
                        |   Groups   |
                        +------------+

Group                           Address              Size
=====                           =======              ====

.idata                          00409000             00000617
DGROUP                          0040a000             00013bd0



                        +--------------+
                        |   Segments   |
                        +--------------+

Segment                Class          Group          Address         Size
=======                =====          =====          =======         ====

BEGTEXT                CODE           AUTO           00401000        00000007
_TEXT                  CODE           AUTO           00401010        0000771f
TRANSFER CODE          CODE           AUTO           00408730        0000015c
.idata                 .idata         .idata         00409000        00000617
_NULL                  BEGDATA        DGROUP         0040a000        00000004
_AFTERNULL             BEGDATA        DGROUP         0040a004        00000000
CONST                  DATA           DGROUP         0040a004        000002a4
CONST2                 DATA           DGROUP         0040a2a8        00000000
_DATA                  DATA           DGROUP         0040a2a8        00000644
XIB                    DATA           DGROUP         0040a8ec        00000000
XI                     DATA           DGROUP         0040a8ec        00000024
XIE                    DATA           DGROUP         0040a910        00000000
YIB                    DATA           DGROUP         0040a910        00000000
YI                     DATA           DGROUP         0040a910        0000001e
YIE                    DATA           DGROUP         0040a92e        00000000
TIB                    DATA           DGROUP         0040a92e        00000000
TI                     DATA           DGROUP         0040a92e        00000000
TIE                    DATA           DGROUP         0040a92e        00000000
DATA                   DATA           DGROUP         0040a92e        00000000
_BSS                   BSS            DGROUP         0040b000        00002bd0
STACK                  STACK          DGROUP         0040dbd0        00010000


                        +----------------+
                        |   Memory Map   |
                        +----------------+

* = unreferenced symbol
+ = symbol only referenced locally

Address        Symbol
=======        ======

Module: Socket_Server_03.obj(C:\DATA\C\Open_Watcom\20151229\Socket_Server_03.c)
00401413*      read_maze_data_
0040145e+      tcp_socket_init_
004015e7+      tcp_socket_run_
004019e6       main_
0040a2a8+      _max_clients
0040a2ac+      _message
0040a2b0+      _MAXRECV
0040b000+      _MAZE_DATA
0040d000+      _server
0040d010+      _wsa
0040d1a0+      _address
0040d1b0+      _client_socket
0040d228+      _activity
0040d22c+      _readfds
0040d330+      _i
0040d334+      _valread
0040d338+      _buffer
0040d33c+      _addrlen
0040d340+      _master
0040d344+      _new_socket
0040d348+      _s
Module: C:\DEV\WATCOM19/lib386/nt\clib3r.lib(stk)
00401aed       __CHK
00401afd*      __STK
00401b1c*      __STKOVERFLOW_
00401b2c*      __GRO
00401b4c*      __alloca_probe
Module: C:\DEV\WATCOM19/lib386/nt\clib3r.lib(fopen.c)
00401b60+      __open_flags_
00401d70+      _fsopen_
00401dc0       fopen_
00401e50*      freopen_
Module: C:\DEV\WATCOM19/lib386/nt\clib3r.lib(fclose.c)
00401ec0       __doclose_
00401f60       __shutdown_stream_
00401f80       fclose_
0040d34c+      ___RmTmpFileFn
Module: C:\DEV\WATCOM19/lib386/nt\clib3r.lib(nmalloc.c)
00401fd0       _nmalloc_
00401fd0       malloc_
0040a2c4       ___nheapbeg
0040a2c8       ___MiniHeapRover
0040a2cc       ___LargestSizeB4MiniHeapRover
Module: C:\DEV\WATCOM19/lib386/nt\clib3r.lib(printf.c)
004020d0       printf_
Module: C:\DEV\WATCOM19/lib386/nt\clib3r.lib(exit.c)
004020f2+      __null_int23_exit_
004020f3       exit_
00402143*      _exit_
0040a2d0+      ___int23_exit
0040a2d4+      ___FPE_handler_exit
Module: C:\DEV\WATCOM19/lib386/nt\clib3r.lib(puts.c)
00402160       puts_
Module: C:\DEV\WATCOM19/lib386/nt\clib3r.lib(cputs.c)
00402190       cputs_
Module: C:\DEV\WATCOM19/lib386/nt\clib3r.lib(perror.c)
004021c0       perror_
Module: C:\DEV\WATCOM19/lib386/nt\clib3r.lib(strlen.c)
00402210       strlen_
Module: C:\DEV\WATCOM19/lib386/nt\clib3r.lib(memcpy.c)
00402230       memcpy_
Module: C:\DEV\WATCOM19/lib386/nt\clib3r.lib(strcat.c)
00402250       strcat_
Module: C:\DEV\WATCOM19/lib386/nt\clib3r.lib(cprintf.c)
004022a0*      vcprintf_
004022c0       cprintf_
Module: C:\DEV\WATCOM19/lib386/nt\clib3r.lib(memset.c)
004022f0       memset_
Module: C:\DEV\WATCOM19/lib386/nt\clib3r.lib(kbhitwnt.c)
00402310       kbhit_
Module: C:\DEV\WATCOM19/lib386/nt\clib3r.lib(gtchewnt.c)
00402380       getche_
Module: C:\DEV\WATCOM19/lib386/nt\clib3r.lib(cstrtwnt)
004023a8       _cstart_
004023a8*      mainCRTStartup
Module: C:\DEV\WATCOM19/lib386/nt\clib3r.lib(argcv.c)
0040d350       __argc
0040d354       __argv
0040d358       ___argv
0040d35c       ___argc
Module: C:\DEV\WATCOM19/lib386/nt\clib3r.lib(xmsgwnt.c)
00402410+      __exit_with_msg_
00402470       __fatal_runtime_error_
Module: C:\DEV\WATCOM19/lib386/nt\clib3r.lib(mainwnt.c)
0040a2d8*      ___TlsIndex
0040a2dc+      ___FirstThreadData
0040a2e0       ___GetThreadPtr
0040a2e4       __AccessFileH
0040a2e8       __ReleaseFileH
0040a2ec       __AccessIOB
0040a2f0       __ReleaseIOB
0040a2f4       __AccessNHeap
0040a2f8*      __AccessFHeap
0040a2fc       __ReleaseNHeap
004024a0*      __threadid_
004024c0+      __sig_null_rtn_
004024d0+      __NTInit_
004026b0+      __NTFini_
00402710       __NTMainInit_
00402770       __exit_
0040a300*      __ReleaseFHeap
0040a304*      __AccessTDList
0040a308*      __ReleaseTDList
0040a30c       __AccessFList
0040a310       __ReleaseFList
0040a314+      __ThreadExitRtn
0040a318       ___sig_init_rtn
0040a31c       ___sig_fini_rtn
0040a320       ___process_fini
0040d368       ___Is_DLL
Module: C:\DEV\WATCOM19/lib386/nt\clib3r.lib(comtflag.c)
004027c0*      __set_commode_
0040a324       __commode
Module: C:\DEV\WATCOM19/lib386/nt\clib3r.lib(iob.c)
0040a328       ___iob
0040a530       __fmode
0040d984       ___OpenStreams
0040d988       ___ClosedStreams
Module: C:\DEV\WATCOM19/lib386/nt\clib3r.lib(seterrno.c)
004027d0       __set_errno_
004027de*      __set_EDOM_
004027ec*      __set_ERANGE_
004027fa*      __set_EINVAL_
0040280d       __set_doserrno_
Module: C:\DEV\WATCOM19/lib386/nt\clib3r.lib(tolower.c)
00402820       tolower_
Module: C:\DEV\WATCOM19/lib386/nt\clib3r.lib(openwnt.c)
00402a30*      open_
00402a50       sopen_
Module: C:\DEV\WATCOM19/lib386/nt\clib3r.lib(fseek.c)
00402ad0       fseek_
Module: C:\DEV\WATCOM19/lib386/nt\clib3r.lib(chktty.c)
00402be0       __chktty_
Module: C:\DEV\WATCOM19/lib386/nt\clib3r.lib(freefp.c)
00402c20       __freefp_
00402c70       __purgefp_
Module: C:\DEV\WATCOM19/lib386/nt\clib3r.lib(allocfp.c)
00402ca0       __allocfp_
Module: C:\DEV\WATCOM19/lib386/nt\clib3r.lib(__lseek.c)
00402d70       __lseek_
Module: C:\DEV\WATCOM19/lib386/nt\clib3r.lib(_clsewnt.c)
00402db0       __close_
Module: C:\DEV\WATCOM19/lib386/nt\clib3r.lib(nfree.c)
00402e10       _nfree_
00402e10       free_
0040d98c       ___MiniHeapFreeRover
Module: C:\DEV\WATCOM19/lib386/nt\clib3r.lib(flush.c)
00402f20       __flush_
Module: C:\DEV\WATCOM19/lib386/nt\clib3r.lib(nmemneed.c)
00403020       __nmemneed_
Module: C:\DEV\WATCOM19/lib386/nt\clib3r.lib(mem.c)
00403030       __MemAllocator
004030e0       __MemFree
Module: C:\DEV\WATCOM19/lib386/nt\clib3r.lib(grownear.c)
00403380       __ExpandDGROUP_
Module: C:\DEV\WATCOM19/lib386/nt\clib3r.lib(fprtf.c)
004033c0       __fprtf_
Module: C:\DEV\WATCOM19/lib386/nt\clib3r.lib(initrtns.c)
00403490       __InitRtns
004034e0       __FiniRtns
Module: C:\DEV\WATCOM19/lib386/nt\clib3r.lib(fputs.c)
00403540       fputs_
Module: C:\DEV\WATCOM19/lib386/nt\clib3r.lib(fputc.c)
004035e0       fputc_
Module: C:\DEV\WATCOM19/lib386/nt\clib3r.lib(putchwnt.c)
004036c0       putch_
Module: C:\DEV\WATCOM19/lib386/nt\clib3r.lib(strerror.c)
00403a30       strerror_
00403a50*      _strerror_
00403b20*      _doserror_
0040a534+      __sys_errlist
0040a5d8+      __sys_nerr
Module: C:\DEV\WATCOM19/lib386/nt\clib3r.lib(prtf.c)
00403b50       __prtf_
Module: C:\DEV\WATCOM19/lib386/nt\clib3r.lib(__stos)
00404820       __STOSB
00404857*      __STOSD
Module: C:\DEV\WATCOM19/lib386/nt\clib3r.lib(conutwnt.c)
004048e0       __NTRealKey_
00404990       __NTConsoleInput_
004049a0       __NTConsoleOutput_
Module: C:\DEV\WATCOM19/lib386/nt\clib3r.lib(crwdata)
0040a628       __osmajor
0040a629       __osminor
0040a62a       __osbuild
0040a62c       __osver
0040a630       __winmajor
0040a634       __winminor
0040a638       __winver
0040a5f4       __LpDllName
0040a5f8       __LpwCmdLine
0040a5fc       __LpwPgmName
0040a600       __LpwDllName
0040a5ec       __LpCmdLine
0040a5f0       __LpPgmName
0040a5e4*      __dynend
0040a5e8       __curbrk
0040a604*      __STACKLOW
0040a608       __STACKTOP
0040a60c       __ASTACKSIZ
0040a610       __ASTACKPTR
0040a614       __cbyte
0040a618*      __cbyte2
0040a61c*      __child
0040a622       __Envptr
0040a626*      __Envseg
0040a620*      __no87
0040a63c       ___FPE_handler
Module: C:\DEV\WATCOM19/lib386/nt\clib3r.lib(getchwnt.c)
00404ab0       getch_
Module: C:\DEV\WATCOM19/lib386/nt\clib3r.lib(main2wnt.c)
00404b20       __NTMain
Module: C:\DEV\WATCOM19/lib386/nt\clib3r.lib(segdefns)
00401003       ___begtext
0040a000*      __nullarea
0040a8ec       __Start_XI
0040a910       __End_XI
0040a910       __Start_YI
0040a92e       __End_YI
Module: C:\DEV\WATCOM19/lib386/nt\clib3r.lib(initargv.c)
00404b80       __Init_Argv_
00404bd0+      _getargv_
00404d70       __Fini_Argv_
Module: C:\DEV\WATCOM19/lib386/nt\clib3r.lib(enterdb.c)
00404d80       __EnterWVIDEO_
0040a644+      ___WD_Present
Module: C:\DEV\WATCOM19/lib386/nt\clib3r.lib(hdlman.c)
0040a648+      ___NHandles
0040a64c+      ___OSHandles
0040a650+      ___FakeHandles
00404db0+      __growPOSIXHandles_
00404e50       __allocPOSIXHandle_
00404f10       __freePOSIXHandle_
00404f30       __getOSHandle_
00404f40       __setOSHandle_
00404f90+      __NTGetFakeHandle_
00405000       __initPOSIXHandles_
004050e0*      __set_handles_
004050f0*      _grow_handles_
Module: C:\DEV\WATCOM19/lib386/nt\clib3r.lib(environ.c)
0040daa0       ___env_mask
0040daa4       _environ
0040daa8       __wenviron
Module: C:\DEV\WATCOM19/lib386/nt\clib3r.lib(getmodfn.c)
00405130       __lib_GetModuleFileNameW_
Module: C:\DEV\WATCOM19/lib386/nt\clib3r.lib(strdup.c)
004051d0       __clib_strdup_
Module: C:\DEV\WATCOM19/lib386/nt\clib3r.lib(istable.c)
00405210       __IsTable
Module: C:\DEV\WATCOM19/lib386/nt\clib3r.lib(ustrdup.c)
00405311       __clib_wcsdup_
Module: C:\DEV\WATCOM19/lib386/nt\clib3r.lib(excptwnt.c)
004059a0+      ___ReportException@4
00405df0       __DefaultExceptionHandler_
00405e30+      ___ExceptionFilter
00406040       __NewExceptionFilter_
00406070       __DoneExceptionFilter_
0040a65c       ___oscode_check_func
0040a660       ___raise_func
0040daac*      _sw
0040dab0+      ___ExceptionHandled
0040dab1+      ___ReportInvoked
Module: C:\DEV\WATCOM19/lib386/nt\clib3r.lib(stklmwnt.c)
004060b0       __init_stack_limits_
Module: C:\DEV\WATCOM19/lib386/nt\clib3r.lib(initfile.c)
00406150       __InitFiles_
Module: C:\DEV\WATCOM19/lib386/nt\clib3r.lib(ioexit.c)
00406250*      fcloseall_
00406260       __full_io_exit_
Module: C:\DEV\WATCOM19/lib386/nt\clib3r.lib(ntfio.c)
00406270*      __GetNTCreateAttr_
004062b0       __GetNTAccessAttr_
004062e0       __GetNTShareAttr_
Module: C:\DEV\WATCOM19/lib386/nt\clib3r.lib(umaskval.c)
0040a678       ___umaskval
Module: C:\DEV\WATCOM19/lib386/nt\clib3r.lib(isattwnt.c)
00406340       isatty_
Module: C:\DEV\WATCOM19/lib386/nt\clib3r.lib(stiomode.c)
00406360       __grow_iomode_
00406430+      __shrink_iomode_
00406470       __SetIOMode_
Module: C:\DEV\WATCOM19/lib386/nt\clib3r.lib(dosret.c)
004064e0*      _dosretax_
004064f0*      _dosret0_
00406500       __set_errno_dos_
00406530*      __set_errno_dos_reterr_
00406540       __set_errno_nt_
00406550*      __set_errno_nt_reterr_
Module: C:\DEV\WATCOM19/lib386/nt\clib3r.lib(lseek.c)
00406570       lseek_
Module: C:\DEV\WATCOM19/lib386/nt\clib3r.lib(tell.c)
004065c0       tell_
Module: C:\DEV\WATCOM19/lib386/nt\clib3r.lib(iomode.c)
004065e0       __GetIOMode_
00406600       __SetIOMode_nogrow_
0040a780       ___NFiles
0040a784       ___init_mode
0040a7d4       ___io_mode
Module: C:\DEV\WATCOM19/lib386/nt\clib3r.lib(fsync.c)
00406620       fsync_
Module: C:\DEV\WATCOM19/lib386/nt\clib3r.lib(qwrit.c)
00406670       __qwrite_
Module: C:\DEV\WATCOM19/lib386/nt\clib3r.lib(amblksiz.c)
0040a7d8       __amblksiz
Module: C:\DEV\WATCOM19/lib386/nt\clib3r.lib(heapen.c)
00406750*      _heapenable_
0040a7dc       ___heap_enabled
Module: C:\DEV\WATCOM19/lib386/nt\clib3r.lib(nheapmin.c)
00406780       _nheapshrink_
00406780*      _nheapmin_
00406780*      _heapmin_
00406780*      _heapshrink_
Module: C:\DEV\WATCOM19/lib386/nt\clib3r.lib(ioalloc.c)
00406870       __ioalloc_
Module: C:\DEV\WATCOM19/lib386/nt\clib3r.lib(strncpy.c)
00406910       strncpy_
Module: C:\DEV\WATCOM19/lib386/nt\clib3r.lib(wctomb.c)
00406950       wctomb_
Module: C:\DEV\WATCOM19/lib386/nt\clib3r.lib(itoa.c)
00406990+      utoa_
004069e0       itoa_
Module: C:\DEV\WATCOM19/lib386/nt\clib3r.lib(strupr.c)
00406a10       strupr_
Module: C:\DEV\WATCOM19/lib386/nt\clib3r.lib(noefgfmt.c)
0040a7e0       ___EFG_printf
0040a7e4*      ___EFG_scanf
Module: C:\DEV\WATCOM19/lib386/nt\clib3r.lib(lltoa.c)
00406a80       ulltoa_
00406af0*      lltoa_
Module: C:\DEV\WATCOM19/lib386/nt\clib3r.lib(ltoa.c)
00406b20       ultoa_
00406b70*      ltoa_
Module: C:\DEV\WATCOM19/lib386/nt\clib3r.lib(mbisdbcs.c)
0040dab8       ___IsDBCS
Module: C:\DEV\WATCOM19/lib386/nt\clib3r.lib(mbislead.c)
00406ba0*      _ismbblead_
0040dabc       ___MBCSIsTable
Module: C:\DEV\WATCOM19/lib386/nt\clib3r.lib(mthrdini.c)
00406bc0       __InitThreadData_
0040a7e8       ___ThreadDataSize
Module: C:\DEV\WATCOM19/lib386/nt\clib3r.lib(cmain386.c)
00406bf0       __CMain
Module: C:\DEV\WATCOM19/lib386/nt\clib3r.lib(dosseg)
00001234       __DOSseg__
Module: C:\DEV\WATCOM19/lib386/nt\clib3r.lib(histsplt.c)
0040dbc0       ___historical_splitparms
Module: C:\DEV\WATCOM19/lib386/nt\clib3r.lib(___argc.c)
0040dbc4       ____Argc
0040dbc8       ____Argv
Module: C:\DEV\WATCOM19/lib386/nt\clib3r.lib(nrealloc.c)
00406c30*      _nrealloc_
00406c30       realloc_
Module: C:\DEV\WATCOM19/lib386/nt\clib3r.lib(setenvp.c)
00406cb0       __setenvp_
00406d70       __freeenvp_
Module: C:\DEV\WATCOM19/lib386/nt\clib3r.lib(ustrlen.c)
00406dbd       wcslen_
Module: C:\DEV\WATCOM19/lib386/nt\clib3r.lib(fclex387.c)
00406dd0       _ClearFPE_
Module: C:\DEV\WATCOM19/lib386/nt\clib3r.lib(signlwnt.c)
0040a7ec+      __SignalTable
00406de0+      __SetSignalFunc_
00406e30+      __GetSignalFunc_
00406e60+      __GetSignalOSCode_
00406e90+      __CheckSignalExCode_
00406fd0+      __sigabort_
00406fe0       __sigfpe_handler_
00407030*      signal_
004070c0+      raise_
00407130+      __SigInit_
00407180+      __SigFini_
004071c0+      __sig_init_
Module: C:\DEV\WATCOM19/lib386/nt\clib3r.lib(iomodtty.c)
004071e0       __ChkTTYIOMode_
00407220*      __IOMode_
Module: C:\DEV\WATCOM19/lib386/nt\clib3r.lib(mbinit.c)
0040726b       __mbinit_
0040a858       ___MBCodePage
Module: C:\DEV\WATCOM19/lib386/nt\clib3r.lib(alphabet.c)
0040a280       ___Alphabet
Module: C:\DEV\WATCOM19/lib386/nt\clib3r.lib(cinit.c)
00407360       __CommonInit_
Module: C:\DEV\WATCOM19/lib386/nt\clib3r.lib(nmsize.c)
00407370       _nmsize_
00407370*      _msize_
Module: C:\DEV\WATCOM19/lib386/nt\clib3r.lib(nexpand.c)
00407380       _nexpand_
00407380*      _expand_
004073c0+      __HeapManager_expand_
Module: C:\DEV\WATCOM19/lib386/nt\clib3r.lib(dofilstr.c)
004075a0       __ParsePosixHandleStr_
Module: C:\DEV\WATCOM19/lib386/nt\clib3r.lib(clearenv.c)
004076c0       clearenv_
Module: C:\DEV\WATCOM19/lib386/nt\clib3r.lib(abort.c)
00407765*      abort_
00407777       __terminate_
0040a85c       ___abort
Module: C:\DEV\WATCOM19/lib386/nt\clib3r.lib(getenv.c)
00407790       getenv_
Module: C:\DEV\WATCOM19/lib386/nt\clib3r.lib(strtol.c)
00407a40*      strtoul_
00407a50       strtol_
Module: C:\DEV\WATCOM19/lib386/nt\clib3r.lib(putenv.c)
00407a60       putenv_
00407cf0       __putenv_
Module: C:\DEV\WATCOM19/lib386/nt\clib3r.lib(mbterm.c)
00407e60       _mbterm_
Module: C:\DEV\WATCOM19/lib386/nt\clib3r.lib(mbsnextc.c)
00407ea0       _mbsnextc_
Module: C:\DEV\WATCOM19/lib386/nt\clib3r.lib(mbcupper.c)
00407ee0       _mbctoupper_
Module: C:\DEV\WATCOM19/lib386/nt\clib3r.lib(mbsinc.c)
00407f10       _mbsinc_
Module: C:\DEV\WATCOM19/lib386/nt\clib3r.lib(mbschr.c)
00407f40       _mbschr_
Module: C:\DEV\WATCOM19/lib386/nt\clib3r.lib(mbslen.c)
00407fa0       _mbslen_
Module: C:\DEV\WATCOM19/lib386/nt\clib3r.lib(mbstowcs.c)
00407fd0       mbstowcs_
Module: C:\DEV\WATCOM19/lib386/nt\clib3r.lib(uputenv.c)
00408050*      _wputenv_
00408270       __wputenv_
Module: C:\DEV\WATCOM19/lib386/nt\clib3r.lib(toupper.c)
00408370       toupper_
Module: C:\DEV\WATCOM19/lib386/nt\clib3r.lib(memmove.c)
00408380       memmove_
Module: C:\DEV\WATCOM19/lib386/nt\clib3r.lib(mbconv.c)
004083e0       _mbvtop_
Module: C:\DEV\WATCOM19/lib386/nt\clib3r.lib(mbclen.c)
00408400       _mbclen_
Module: C:\DEV\WATCOM19/lib386/nt\clib3r.lib(mbccmp.c)
00408430       _mbccmp_
Module: C:\DEV\WATCOM19/lib386/nt\clib3r.lib(mbtowc.c)
00408470       mbtowc_
Module: C:\DEV\WATCOM19/lib386/nt\clib3r.lib(ustrchr.c)
00408500       wcschr_
Module: C:\DEV\WATCOM19/lib386/nt\clib3r.lib(setenvar.c)
00408520       __lib_SetEnvironmentVariableW_
Module: C:\DEV\WATCOM19/lib386/nt\clib3r.lib(crtwenv.c)
00408610       __create_wide_environment_
Module: C:\DEV\WATCOM19/lib386/nt\clib3r.lib(wcstombs.c)
00408680       wcstombs_
Module: C:\DEV\WATCOM19/lib386/nt\clib3r.lib(utoupper.c)
0040871f       towupper_


                        +----------------------+
                        |   Imported Symbols   |
                        +----------------------+

Symbol                              Module
======                              ======

_WSAStartup@8                       WS2_32.DLL
_WSAGetLastError@0                  WS2_32.DLL
_socket@12                          WS2_32.DLL
_htons@4                            WS2_32.DLL
_bind@12                            WS2_32.DLL
_listen@8                           WS2_32.DLL
_select@20                          WS2_32.DLL
___WSAFDIsSet@8                     WS2_32.DLL
_accept@12                          WS2_32.DLL
_ntohs@4                            WS2_32.DLL
_inet_ntoa@4                        WS2_32.DLL
_send@16                            WS2_32.DLL
_getpeername@12                     WS2_32.DLL
_recv@16                            WS2_32.DLL
_closesocket@4                      WS2_32.DLL
_WSACleanup@0                       WS2_32.DLL
_PeekConsoleInputA@16               KERNEL32.DLL
_ReadConsoleInputA@16               KERNEL32.DLL
_GetStdHandle@4                     KERNEL32.DLL
_WriteFile@20                       KERNEL32.DLL
_GetEnvironmentStringsA@0           KERNEL32.DLL
_GetVersion@0                       KERNEL32.DLL
_GetModuleFileNameA@12              KERNEL32.DLL
_GetCommandLineA@0                  KERNEL32.DLL
_GetCommandLineW@0                  KERNEL32.DLL
_FreeEnvironmentStringsA@4          KERNEL32.DLL
_GetModuleHandleA@4                 KERNEL32.DLL
_ExitProcess@4                      KERNEL32.DLL
_CreateFileA@28                     KERNEL32.DLL
_SetFilePointer@16                  KERNEL32.DLL
_CloseHandle@4                      KERNEL32.DLL
_VirtualAlloc@16                    KERNEL32.DLL
_WriteConsoleA@20                   KERNEL32.DLL
_FormatMessageA@28                  KERNEL32.DLL
_GetConsoleMode@8                   KERNEL32.DLL
_SetConsoleMode@8                   KERNEL32.DLL
_SetStdHandle@8                     KERNEL32.DLL
_CreateEventA@16                    KERNEL32.DLL
_GetModuleFileNameW@12              KERNEL32.DLL
_MultiByteToWideChar@24             KERNEL32.DLL
_LoadLibraryA@4                     KERNEL32.DLL
_GetProcAddress@8                   KERNEL32.DLL
_SetUnhandledExceptionFilter@4      KERNEL32.DLL
_UnhandledExceptionFilter@4         KERNEL32.DLL
_VirtualQuery@12                    KERNEL32.DLL
_GetFileType@4                      KERNEL32.DLL
_GetLastError@0                     KERNEL32.DLL
_FlushFileBuffers@4                 KERNEL32.DLL
_VirtualFree@12                     KERNEL32.DLL
_WideCharToMultiByte@32             KERNEL32.DLL
_GetCurrentThreadId@0               KERNEL32.DLL
_SetConsoleCtrlHandler@8            KERNEL32.DLL
_GetACP@0                           KERNEL32.DLL
_GetOEMCP@0                         KERNEL32.DLL
_GetCPInfo@8                        KERNEL32.DLL
_SetEnvironmentVariableA@8          KERNEL32.DLL
_CharUpperA@4                       USER32.DLL
_SetEnvironmentVariableW@8          KERNEL32.DLL


                        +--------------------+
                        |   Libraries Used   |
                        +--------------------+

C:\DEV\WATCOM19/lib386/nt\kernel32.lib
C:\DEV\WATCOM19/lib386/nt\user32.lib
C:\DEV\WATCOM19/lib386/nt\ws2_32.lib
C:\DEV\WATCOM19/lib386/nt\clib3r.lib


                        +-----------------------+
                        |   Linker Statistics   |
                        +-----------------------+

Stack size:  00010000 (65536.)
Memory size:  0001ba73 (113267.)
Entry point address: 004023a8
Link time: 00:00.78
