Symbol: CIO0ADDR (COCOIO.BIN) = FF69
Symbol: CIO0CMND (COCOIO.BIN) = FF68
Symbol: CIO0DATA (COCOIO.BIN) = FF6B
Symbol: CIO1ADDR (COCOIO.BIN) = FF79
Symbol: CIO1CMND (COCOIO.BIN) = FF78
Symbol: CIO1DATA (COCOIO.BIN) = FF7B
Symbol: CLKLCKR (COCOIO.BIN) = 0070
Symbol: CONFIG (COCOIO.BIN) = 7E03
Symbol: DALLY (COCOIO.BIN) = 7EDD
Symbol: DALLY1 (COCOIO.BIN) = 7EE2
Symbol: DILLY (COCOIO.BIN) = 7ED1
Symbol: DILLY1 (COCOIO.BIN) = 7ED4
Symbol: GAR0 (COCOIO.BIN) = 0001
Symbol: GAR1 (COCOIO.BIN) = 0002
Symbol: GAR2 (COCOIO.BIN) = 0003
Symbol: GAR3 (COCOIO.BIN) = 0004
Symbol: GATEWAY (COCOIO.BIN) = 7E06
Symbol: GWRLOOP (COCOIO.BIN) = 7E59
Symbol: HARDWARE (COCOIO.BIN) = 7E0C
Symbol: IMR (COCOIO.BIN) = 0016
Symbol: IMR2 (COCOIO.BIN) = 0021
Symbol: INTPTMR0 (COCOIO.BIN) = 0013
Symbol: INTPTMR1 (COCOIO.BIN) = 0014
Symbol: IPADDR (COCOIO.BIN) = 7E0F
Symbol: IR (COCOIO.BIN) = 0015
Symbol: IR2 (COCOIO.BIN) = 0020
Symbol: MPISLOT (COCOIO.BIN) = 7E12
Symbol: MPISLOT1 (COCOIO.BIN) = 7EC8
Symbol: MR (COCOIO.BIN) = 0000
Symbol: MR2 (COCOIO.BIN) = 0030
Symbol: MYGATEWAY (COCOIO.BIN) = 7EE9
Symbol: MYIP (COCOIO.BIN) = 7EF7
Symbol: MYMAC (COCOIO.BIN) = 7EF1
Symbol: MYSUBNET (COCOIO.BIN) = 7EED
Symbol: NETLCKR (COCOIO.BIN) = 0071
Symbol: PHAR0 (COCOIO.BIN) = 0032
Symbol: PHAR1 (COCOIO.BIN) = 0033
Symbol: PHAR2 (COCOIO.BIN) = 0034
Symbol: PHAR3 (COCOIO.BIN) = 0035
Symbol: PHAR4 (COCOIO.BIN) = 0036
Symbol: PHAR5 (COCOIO.BIN) = 0037
Symbol: PHYACR (COCOIO.BIN) = 0044
Symbol: PHYAR (COCOIO.BIN) = 003E
Symbol: PHYCR0 (COCOIO.BIN) = 0046
Symbol: PHYCR1 (COCOIO.BIN) = 0047
Symbol: PHYDIR0 (COCOIO.BIN) = 0040
Symbol: PHYDIR1 (COCOIO.BIN) = 0041
Symbol: PHYDIVR (COCOIO.BIN) = 0045
Symbol: PHYDOR0 (COCOIO.BIN) = 0042
Symbol: PHYDOR1 (COCOIO.BIN) = 0043
Symbol: PHYLCKR (COCOIO.BIN) = 0072
Symbol: PHYRAR (COCOIO.BIN) = 003F
Symbol: PHYSR0 (COCOIO.BIN) = 003C
Symbol: PHYSR1 (COCOIO.BIN) = 003D
Symbol: PIA0BC (COCOIO.BIN) = FF03
Symbol: PIA0BD (COCOIO.BIN) = FF02
Symbol: PINGIDR0 (COCOIO.BIN) = 005C
Symbol: PINGIDR1 (COCOIO.BIN) = 005D
Symbol: PINGSEQR0 (COCOIO.BIN) = 005A
Symbol: PINGSEQR1 (COCOIO.BIN) = 005B
Symbol: PMAGIC (COCOIO.BIN) = 0029
Symbol: PMRUR0 (COCOIO.BIN) = 003A
Symbol: PMRUR1 (COCOIO.BIN) = 003B
Symbol: PSIDR0 (COCOIO.BIN) = 0038
Symbol: PSIDR1 (COCOIO.BIN) = 0039
Symbol: PTIMER (COCOIO.BIN) = 0028
Symbol: RCR (COCOIO.BIN) = 0019
Symbol: RESET (COCOIO.BIN) = 7E00
Symbol: RMSR (COCOIO.BIN) = 001A
Symbol: RSTDONE (COCOIO.BIN) = 7E23
Symbol: RTR0 (COCOIO.BIN) = 0017
Symbol: RTR1 (COCOIO.BIN) = 0018
Symbol: S0_CR (COCOIO.BIN) = 0401
Symbol: S0_DHAR0 (COCOIO.BIN) = 0406
Symbol: S0_DHAR1 (COCOIO.BIN) = 0407
Symbol: S0_DHAR2 (COCOIO.BIN) = 0408
Symbol: S0_DHAR3 (COCOIO.BIN) = 0409
Symbol: S0_DHAR4 (COCOIO.BIN) = 040A
Symbol: S0_DHAR5 (COCOIO.BIN) = 040B
Symbol: S0_DIPR0 (COCOIO.BIN) = 040C
Symbol: S0_DIPR1 (COCOIO.BIN) = 040D
Symbol: S0_DIPR2 (COCOIO.BIN) = 040E
Symbol: S0_DIPR3 (COCOIO.BIN) = 040F
Symbol: S0_DPORTR0 (COCOIO.BIN) = 0410
Symbol: S0_DPORTR1 (COCOIO.BIN) = 0411
Symbol: S0_FRAGR0 (COCOIO.BIN) = 042D
Symbol: S0_FRAGR1 (COCOIO.BIN) = 042E
Symbol: S0_IMR (COCOIO.BIN) = 042C
Symbol: S0_IR (COCOIO.BIN) = 0402
Symbol: S0_KPALVTR (COCOIO.BIN) = 0430
Symbol: S0_MR (COCOIO.BIN) = 0400
Symbol: S0_MR2 (COCOIO.BIN) = 042F
Symbol: S0_MSS0 (COCOIO.BIN) = 0412
Symbol: S0_MSS1 (COCOIO.BIN) = 0413
Symbol: S0_PORTR0 (COCOIO.BIN) = 0404
Symbol: S0_PORTR1 (COCOIO.BIN) = 0405
Symbol: S0_PROTOR (COCOIO.BIN) = 0414
Symbol: S0_RCR (COCOIO.BIN) = 0434
Symbol: S0_RTR0 (COCOIO.BIN) = 0432
Symbol: S0_RTR1 (COCOIO.BIN) = 0433
Symbol: S0_RX_RD0 (COCOIO.BIN) = 0428
Symbol: S0_RX_RD1 (COCOIO.BIN) = 0429
Symbol: S0_RX_RSR0 (COCOIO.BIN) = 0426
Symbol: S0_RX_RSR1 (COCOIO.BIN) = 0427
Symbol: S0_RX_WR0 (COCOIO.BIN) = 042A
Symbol: S0_RX_WR1 (COCOIO.BIN) = 042B
Symbol: S0_RXBUF_SIZE (COCOIO.BIN) = 041E
Symbol: S0_SR (COCOIO.BIN) = 0403
Symbol: S0_TOS (COCOIO.BIN) = 0415
Symbol: S0_TTL (COCOIO.BIN) = 0416
Symbol: S0_TX_FSR0 (COCOIO.BIN) = 0420
Symbol: S0_TX_FSR1 (COCOIO.BIN) = 0421
Symbol: S0_TX_RD0 (COCOIO.BIN) = 0422
Symbol: S0_TX_RD1 (COCOIO.BIN) = 0423
Symbol: S0_TX_WR0 (COCOIO.BIN) = 0424
Symbol: S0_TX_WR1 (COCOIO.BIN) = 0425
Symbol: S0_TXBUF_SIZE (COCOIO.BIN) = 041F
Symbol: S1_CR (COCOIO.BIN) = 0501
Symbol: S1_DHAR0 (COCOIO.BIN) = 0506
Symbol: S1_DHAR1 (COCOIO.BIN) = 0507
Symbol: S1_DHAR2 (COCOIO.BIN) = 0508
Symbol: S1_DHAR3 (COCOIO.BIN) = 0509
Symbol: S1_DHAR4 (COCOIO.BIN) = 050A
Symbol: S1_DHAR5 (COCOIO.BIN) = 050B
Symbol: S1_DIPR0 (COCOIO.BIN) = 050C
Symbol: S1_DIPR1 (COCOIO.BIN) = 050D
Symbol: S1_DIPR2 (COCOIO.BIN) = 050E
Symbol: S1_DIPR3 (COCOIO.BIN) = 050F
Symbol: S1_DPORTR0 (COCOIO.BIN) = 0510
Symbol: S1_DPORTR1 (COCOIO.BIN) = 0511
Symbol: S1_FRAGR0 (COCOIO.BIN) = 052D
Symbol: S1_FRAGR1 (COCOIO.BIN) = 052E
Symbol: S1_IMR (COCOIO.BIN) = 052C
Symbol: S1_IR (COCOIO.BIN) = 0502
Symbol: S1_KPALVTR (COCOIO.BIN) = 0530
Symbol: S1_MR (COCOIO.BIN) = 0500
Symbol: S1_MR2 (COCOIO.BIN) = 052F
Symbol: S1_MSS0 (COCOIO.BIN) = 0512
Symbol: S1_MSS1 (COCOIO.BIN) = 0513
Symbol: S1_PORTR0 (COCOIO.BIN) = 0504
Symbol: S1_PORTR1 (COCOIO.BIN) = 0505
Symbol: S1_PROTOR (COCOIO.BIN) = 0514
Symbol: S1_RCR (COCOIO.BIN) = 0534
Symbol: S1_RTR0 (COCOIO.BIN) = 0532
Symbol: S1_RTR1 (COCOIO.BIN) = 0533
Symbol: S1_RX_RD0 (COCOIO.BIN) = 0528
Symbol: S1_RX_RD1 (COCOIO.BIN) = 0529
Symbol: S1_RX_RSR0 (COCOIO.BIN) = 0526
Symbol: S1_RX_RSR1 (COCOIO.BIN) = 0527
Symbol: S1_RX_WR0 (COCOIO.BIN) = 052A
Symbol: S1_RX_WR1 (COCOIO.BIN) = 052B
Symbol: S1_RXBUF_SIZE (COCOIO.BIN) = 051E
Symbol: S1_SR (COCOIO.BIN) = 0503
Symbol: S1_TOS (COCOIO.BIN) = 0515
Symbol: S1_TTL (COCOIO.BIN) = 0516
Symbol: S1_TX_FSR0 (COCOIO.BIN) = 0520
Symbol: S1_TX_FSR1 (COCOIO.BIN) = 0521
Symbol: S1_TX_RD0 (COCOIO.BIN) = 0522
Symbol: S1_TX_RD1 (COCOIO.BIN) = 0523
Symbol: S1_TX_WR0 (COCOIO.BIN) = 0524
Symbol: S1_TX_WR1 (COCOIO.BIN) = 0525
Symbol: S1_TXBUF_SIZE (COCOIO.BIN) = 051F
Symbol: S2_CR (COCOIO.BIN) = 0601
Symbol: S2_DHAR0 (COCOIO.BIN) = 0606
Symbol: S2_DHAR1 (COCOIO.BIN) = 0607
Symbol: S2_DHAR2 (COCOIO.BIN) = 0608
Symbol: S2_DHAR3 (COCOIO.BIN) = 0609
Symbol: S2_DHAR4 (COCOIO.BIN) = 060A
Symbol: S2_DHAR5 (COCOIO.BIN) = 060B
Symbol: S2_DIPR0 (COCOIO.BIN) = 060C
Symbol: S2_DIPR1 (COCOIO.BIN) = 060D
Symbol: S2_DIPR2 (COCOIO.BIN) = 060E
Symbol: S2_DIPR3 (COCOIO.BIN) = 060F
Symbol: S2_DPORTR0 (COCOIO.BIN) = 0610
Symbol: S2_DPORTR1 (COCOIO.BIN) = 0611
Symbol: S2_FRAGR0 (COCOIO.BIN) = 062D
Symbol: S2_FRAGR1 (COCOIO.BIN) = 062E
Symbol: S2_IMR (COCOIO.BIN) = 062C
Symbol: S2_IR (COCOIO.BIN) = 0602
Symbol: S2_KPALVTR (COCOIO.BIN) = 0630
Symbol: S2_MR (COCOIO.BIN) = 0600
Symbol: S2_MR2 (COCOIO.BIN) = 062F
Symbol: S2_MSS0 (COCOIO.BIN) = 0612
Symbol: S2_MSS1 (COCOIO.BIN) = 0613
Symbol: S2_PORTR0 (COCOIO.BIN) = 0604
Symbol: S2_PORTR1 (COCOIO.BIN) = 0605
Symbol: S2_PROTOR (COCOIO.BIN) = 0614
Symbol: S2_RCR (COCOIO.BIN) = 0634
Symbol: S2_RTR0 (COCOIO.BIN) = 0632
Symbol: S2_RTR1 (COCOIO.BIN) = 0633
Symbol: S2_RX_RD0 (COCOIO.BIN) = 0628
Symbol: S2_RX_RD1 (COCOIO.BIN) = 0629
Symbol: S2_RX_RSR0 (COCOIO.BIN) = 0626
Symbol: S2_RX_RSR1 (COCOIO.BIN) = 0627
Symbol: S2_RX_WR0 (COCOIO.BIN) = 062A
Symbol: S2_RX_WR1 (COCOIO.BIN) = 062B
Symbol: S2_RXBUF_SIZE (COCOIO.BIN) = 061E
Symbol: S2_SR (COCOIO.BIN) = 0603
Symbol: S2_TOS (COCOIO.BIN) = 0615
Symbol: S2_TTL (COCOIO.BIN) = 0616
Symbol: S2_TX_FSR0 (COCOIO.BIN) = 0620
Symbol: S2_TX_FSR1 (COCOIO.BIN) = 0621
Symbol: S2_TX_RD0 (COCOIO.BIN) = 0622
Symbol: S2_TX_RD1 (COCOIO.BIN) = 0623
Symbol: S2_TX_WR0 (COCOIO.BIN) = 0624
Symbol: S2_TX_WR1 (COCOIO.BIN) = 0625
Symbol: S2_TXBUF_SIZE (COCOIO.BIN) = 061F
Symbol: S3_CR (COCOIO.BIN) = 0701
Symbol: S3_DHAR0 (COCOIO.BIN) = 0706
Symbol: S3_DHAR1 (COCOIO.BIN) = 0707
Symbol: S3_DHAR2 (COCOIO.BIN) = 0708
Symbol: S3_DHAR3 (COCOIO.BIN) = 0709
Symbol: S3_DHAR4 (COCOIO.BIN) = 070A
Symbol: S3_DHAR5 (COCOIO.BIN) = 070B
Symbol: S3_DIPR0 (COCOIO.BIN) = 070C
Symbol: S3_DIPR1 (COCOIO.BIN) = 070D
Symbol: S3_DIPR2 (COCOIO.BIN) = 070E
Symbol: S3_DIPR3 (COCOIO.BIN) = 070F
Symbol: S3_DPORTR0 (COCOIO.BIN) = 0710
Symbol: S3_DPORTR1 (COCOIO.BIN) = 0711
Symbol: S3_FRAGR0 (COCOIO.BIN) = 072D
Symbol: S3_FRAGR1 (COCOIO.BIN) = 072E
Symbol: S3_IMR (COCOIO.BIN) = 072C
Symbol: S3_IR (COCOIO.BIN) = 0702
Symbol: S3_KPALVTR (COCOIO.BIN) = 0730
Symbol: S3_MR (COCOIO.BIN) = 0700
Symbol: S3_MR2 (COCOIO.BIN) = 072F
Symbol: S3_MSS0 (COCOIO.BIN) = 0712
Symbol: S3_MSS1 (COCOIO.BIN) = 0713
Symbol: S3_PORTR0 (COCOIO.BIN) = 0704
Symbol: S3_PORTR1 (COCOIO.BIN) = 0705
Symbol: S3_PROTOR (COCOIO.BIN) = 0714
Symbol: S3_RCR (COCOIO.BIN) = 0734
Symbol: S3_RTR0 (COCOIO.BIN) = 0732
Symbol: S3_RTR1 (COCOIO.BIN) = 0733
Symbol: S3_RX_RD0 (COCOIO.BIN) = 0728
Symbol: S3_RX_RD1 (COCOIO.BIN) = 0729
Symbol: S3_RX_RSR0 (COCOIO.BIN) = 0726
Symbol: S3_RX_RSR1 (COCOIO.BIN) = 0727
Symbol: S3_RX_WR0 (COCOIO.BIN) = 072A
Symbol: S3_RX_WR1 (COCOIO.BIN) = 072B
Symbol: S3_RXBUF_SIZE (COCOIO.BIN) = 071E
Symbol: S3_SR (COCOIO.BIN) = 0703
Symbol: S3_TOS (COCOIO.BIN) = 0715
Symbol: S3_TTL (COCOIO.BIN) = 0716
Symbol: S3_TX_FSR0 (COCOIO.BIN) = 0720
Symbol: S3_TX_FSR1 (COCOIO.BIN) = 0721
Symbol: S3_TX_RD0 (COCOIO.BIN) = 0722
Symbol: S3_TX_RD1 (COCOIO.BIN) = 0723
Symbol: S3_TX_WR0 (COCOIO.BIN) = 0724
Symbol: S3_TX_WR1 (COCOIO.BIN) = 0725
Symbol: S3_TXBUF_SIZE (COCOIO.BIN) = 071F
Symbol: SETMODE (COCOIO.BIN) = 7E28
Symbol: SHAR0 (COCOIO.BIN) = 0009
Symbol: SHAR1 (COCOIO.BIN) = 000A
Symbol: SHAR2 (COCOIO.BIN) = 000B
Symbol: SHAR3 (COCOIO.BIN) = 000C
Symbol: SHAR4 (COCOIO.BIN) = 000D
Symbol: SHAR5 (COCOIO.BIN) = 000E
Symbol: SHARLOOP (COCOIO.BIN) = 7E99
Symbol: SIPR0 (COCOIO.BIN) = 000F
Symbol: SIPR1 (COCOIO.BIN) = 0010
Symbol: SIPR2 (COCOIO.BIN) = 0011
Symbol: SIPR3 (COCOIO.BIN) = 0012
Symbol: SIPRLOOP (COCOIO.BIN) = 7EB9
Symbol: SLCR (COCOIO.BIN) = 004C
Symbol: SLIMR (COCOIO.BIN) = 005E
Symbol: SLIR (COCOIO.BIN) = 005F
Symbol: SLPHAR0 (COCOIO.BIN) = 0054
Symbol: SLPHAR1 (COCOIO.BIN) = 0055
Symbol: SLPHAR2 (COCOIO.BIN) = 0056
Symbol: SLPHAR3 (COCOIO.BIN) = 0057
Symbol: SLPHAR4 (COCOIO.BIN) = 0058
Symbol: SLPHAR5 (COCOIO.BIN) = 0059
Symbol: SLPIPR0 (COCOIO.BIN) = 0050
Symbol: SLPIPR1 (COCOIO.BIN) = 0051
Symbol: SLPIPR2 (COCOIO.BIN) = 0052
Symbol: SLPIPR3 (COCOIO.BIN) = 0053
Symbol: SLRCR (COCOIO.BIN) = 004F
Symbol: SLRTR0 (COCOIO.BIN) = 004D
Symbol: SLRTR1 (COCOIO.BIN) = 004E
Symbol: SUBNET (COCOIO.BIN) = 7E09
Symbol: SUBR0 (COCOIO.BIN) = 0005
Symbol: SUBR1 (COCOIO.BIN) = 0006
Symbol: SUBR2 (COCOIO.BIN) = 0007
Symbol: SUBR3 (COCOIO.BIN) = 0008
Symbol: SUBRLOOP (COCOIO.BIN) = 7E79
Symbol: TCNTCLR (COCOIO.BIN) = 0088
Symbol: TCNTR0 (COCOIO.BIN) = 0082
Symbol: TCNTR1 (COCOIO.BIN) = 0083
Symbol: TMSR (COCOIO.BIN) = 001B
Symbol: UIPR0 (COCOIO.BIN) = 002A
Symbol: UIPR1 (COCOIO.BIN) = 002B
Symbol: UIPR2 (COCOIO.BIN) = 002C
Symbol: UIPR3 (COCOIO.BIN) = 002D
Symbol: UPORTR0 (COCOIO.BIN) = 002E
Symbol: UPORTR1 (COCOIO.BIN) = 002F
Symbol: VERR (COCOIO.BIN) = 0080
Symbol: W5100_CFG (COCOIO.BIN) = 7E35
Symbol: W5100_GATEWAY (COCOIO.BIN) = 7E48
Symbol: W5100_HARDWARE (COCOIO.BIN) = 7E88
Symbol: W5100_IPADDR (COCOIO.BIN) = 7EA8
Symbol: W5100_RST (COCOIO.BIN) = 7E15
Symbol: W5100_SUBNET (COCOIO.BIN) = 7E68
