Symbol: AD30 (COCOIO3C.BIN) = 7F45
Symbol: AD30LD (COCOIO3C.BIN) = 7F52
Symbol: AUTO_INCRE (COCOIO3C.BIN) = 0002
Symbol: BIN2HEX (COCOIO3C.BIN) = 7F34
Symbol: BINVAL (COCOIO3C.BIN) = 7F5A
Symbol: BUFSIZE0K (COCOIO3C.BIN) = 0000
Symbol: BUFSIZE1K (COCOIO3C.BIN) = 0001
Symbol: BUFSIZE2K (COCOIO3C.BIN) = 0002
Symbol: BUFSIZE4K (COCOIO3C.BIN) = 0004
Symbol: BUFSIZE8K (COCOIO3C.BIN) = 0008
Symbol: CHROUT (COCOIO3C.BIN) = A002
Symbol: CIO0ADDR (COCOIO3C.BIN) = FF69
Symbol: CIO0CMND (COCOIO3C.BIN) = FF68
Symbol: CIO0DATA (COCOIO3C.BIN) = FF6B
Symbol: CIO1ADDR (COCOIO3C.BIN) = FF79
Symbol: CIO1CMND (COCOIO3C.BIN) = FF78
Symbol: CIO1DATA (COCOIO3C.BIN) = FF7B
Symbol: CLKLCKR (COCOIO3C.BIN) = 0070
Symbol: CONFIG (COCOIO3C.BIN) = 7E03
Symbol: DALLY (COCOIO3C.BIN) = 7F28
Symbol: DALLY1 (COCOIO3C.BIN) = 7F2D
Symbol: DGWRLOOP (COCOIO3C.BIN) = 7EBB
Symbol: DILLY (COCOIO3C.BIN) = 7F1C
Symbol: DILLY1 (COCOIO3C.BIN) = 7F1F
Symbol: DISP_GATEWAY (COCOIO3C.BIN) = 7EAA
Symbol: DISP_HARDWARE (COCOIO3C.BIN) = 7EDD
Symbol: DISP_IPADDR (COCOIO3C.BIN) = 7EF8
Symbol: DISP_SUBNET (COCOIO3C.BIN) = 7EC5
Symbol: DISPB2H (COCOIO3C.BIN) = 7F5D
Symbol: DISPGW (COCOIO3C.BIN) = 7E15
Symbol: DISPHW (COCOIO3C.BIN) = 7E1B
Symbol: DISPIPADD (COCOIO3C.BIN) = 7E1E
Symbol: DISPSN (COCOIO3C.BIN) = 7E18
Symbol: DISPSTR0 (COCOIO3C.BIN) = 7F6C
Symbol: DISPSTRLP (COCOIO3C.BIN) = 7F72
Symbol: DISPSTRX (COCOIO3C.BIN) = 7F7D
Symbol: DSHARLOOP (COCOIO3C.BIN) = 7EEE
Symbol: DSIPRLOOP (COCOIO3C.BIN) = 7F09
Symbol: DSUBRLOOP (COCOIO3C.BIN) = 7ED3
Symbol: GAR0 (COCOIO3C.BIN) = 0001
Symbol: GAR1 (COCOIO3C.BIN) = 0002
Symbol: GAR2 (COCOIO3C.BIN) = 0003
Symbol: GAR3 (COCOIO3C.BIN) = 0004
Symbol: GATEWAY (COCOIO3C.BIN) = 7E06
Symbol: GWLABEL (COCOIO3C.BIN) = 7F80
Symbol: GWRLOOP (COCOIO3C.BIN) = 7E5C
Symbol: HARDWARE (COCOIO3C.BIN) = 7E0C
Symbol: HEX1VAL (COCOIO3C.BIN) = 7F5B
Symbol: HEX2VAL (COCOIO3C.BIN) = 7F5C
Symbol: IMR (COCOIO3C.BIN) = 0016
Symbol: IMR2 (COCOIO3C.BIN) = 0021
Symbol: INDIRECT (COCOIO3C.BIN) = 0001
Symbol: INTPTMR0 (COCOIO3C.BIN) = 0013
Symbol: INTPTMR1 (COCOIO3C.BIN) = 0014
Symbol: IPADDR (COCOIO3C.BIN) = 7E0F
Symbol: IPLABEL (COCOIO3C.BIN) = 7FAD
Symbol: IR (COCOIO3C.BIN) = 0015
Symbol: IR2 (COCOIO3C.BIN) = 0020
Symbol: IR2_WOL (COCOIO3C.BIN) = 0001
Symbol: IR_CONFLCT (COCOIO3C.BIN) = 0080
Symbol: IR_PPPTERM (COCOIO3C.BIN) = 0020
Symbol: IR_SOCK0 (COCOIO3C.BIN) = 0001
Symbol: IR_SOCK1 (COCOIO3C.BIN) = 0002
Symbol: IR_SOCK2 (COCOIO3C.BIN) = 0004
Symbol: IR_SOCK3 (COCOIO3C.BIN) = 0008
Symbol: IR_UNREACH (COCOIO3C.BIN) = 0040
Symbol: IRM_CNNCT (COCOIO3C.BIN) = 0001
Symbol: IRM_DSCON (COCOIO3C.BIN) = 0002
Symbol: IRM_RECV (COCOIO3C.BIN) = 0004
Symbol: IRM_SNDOK (COCOIO3C.BIN) = 0010
Symbol: IRM_TMOUT (COCOIO3C.BIN) = 0008
Symbol: MALABEL (COCOIO3C.BIN) = 7F9E
Symbol: MASK1K (COCOIO3C.BIN) = 03FF
Symbol: MASK2K (COCOIO3C.BIN) = 07FF
Symbol: MASK4K (COCOIO3C.BIN) = 0FFF
Symbol: MASK8K (COCOIO3C.BIN) = 1FFF
Symbol: MPISLOT (COCOIO3C.BIN) = 7E12
Symbol: MPISLOT1 (COCOIO3C.BIN) = 7F13
Symbol: MR (COCOIO3C.BIN) = 0000
Symbol: MR2 (COCOIO3C.BIN) = 0030
Symbol: MR2_CLKSEL (COCOIO3C.BIN) = 0080
Symbol: MR2_FARP (COCOIO3C.BIN) = 0002
Symbol: MR2_IEN (COCOIO3C.BIN) = 0040
Symbol: MR2_NOPRST (COCOIO3C.BIN) = 0020
Symbol: MR2_UDPURB (COCOIO3C.BIN) = 0010
Symbol: MR2_WOL (COCOIO3C.BIN) = 0008
Symbol: MSR_1KB_S0 (COCOIO3C.BIN) = 0000
Symbol: MSR_1KB_S1 (COCOIO3C.BIN) = 0000
Symbol: MSR_1KB_S2 (COCOIO3C.BIN) = 0000
Symbol: MSR_1KB_S3 (COCOIO3C.BIN) = 0000
Symbol: MSR_2KB_S0 (COCOIO3C.BIN) = 0001
Symbol: MSR_2KB_S1 (COCOIO3C.BIN) = 0004
Symbol: MSR_2KB_S2 (COCOIO3C.BIN) = 0010
Symbol: MSR_2KB_S3 (COCOIO3C.BIN) = 0040
Symbol: MSR_4KB_S0 (COCOIO3C.BIN) = 0002
Symbol: MSR_4KB_S1 (COCOIO3C.BIN) = 0008
Symbol: MSR_4KB_S2 (COCOIO3C.BIN) = 0020
Symbol: MSR_4KB_S3 (COCOIO3C.BIN) = 0080
Symbol: MSR_8KB_S0 (COCOIO3C.BIN) = 0003
Symbol: MSR_8KB_S1 (COCOIO3C.BIN) = 000C
Symbol: MSR_8KB_S2 (COCOIO3C.BIN) = 0030
Symbol: MSR_8KB_S3 (COCOIO3C.BIN) = 00C0
Symbol: MYGATEWAY (COCOIO3C.BIN) = 7FBC
Symbol: MYIP (COCOIO3C.BIN) = 7FCA
Symbol: MYMAC (COCOIO3C.BIN) = 7FC4
Symbol: MYSUBNET (COCOIO3C.BIN) = 7FC0
Symbol: NETLCKR (COCOIO3C.BIN) = 0071
Symbol: PHAR0 (COCOIO3C.BIN) = 0032
Symbol: PHAR1 (COCOIO3C.BIN) = 0033
Symbol: PHAR2 (COCOIO3C.BIN) = 0034
Symbol: PHAR3 (COCOIO3C.BIN) = 0035
Symbol: PHAR4 (COCOIO3C.BIN) = 0036
Symbol: PHAR5 (COCOIO3C.BIN) = 0037
Symbol: PHYACR (COCOIO3C.BIN) = 0044
Symbol: PHYAR (COCOIO3C.BIN) = 003E
Symbol: PHYCR0 (COCOIO3C.BIN) = 0046
Symbol: PHYCR1 (COCOIO3C.BIN) = 0047
Symbol: PHYDIR0 (COCOIO3C.BIN) = 0040
Symbol: PHYDIR1 (COCOIO3C.BIN) = 0041
Symbol: PHYDIVR (COCOIO3C.BIN) = 0045
Symbol: PHYDOR0 (COCOIO3C.BIN) = 0042
Symbol: PHYDOR1 (COCOIO3C.BIN) = 0043
Symbol: PHYLCKR (COCOIO3C.BIN) = 0072
Symbol: PHYRAR (COCOIO3C.BIN) = 003F
Symbol: PHYSR0 (COCOIO3C.BIN) = 003C
Symbol: PHYSR1 (COCOIO3C.BIN) = 003D
Symbol: PIA0BC (COCOIO3C.BIN) = FF03
Symbol: PIA0BD (COCOIO3C.BIN) = FF02
Symbol: PINGBLOCK (COCOIO3C.BIN) = 0010
Symbol: PINGIDR0 (COCOIO3C.BIN) = 005C
Symbol: PINGIDR1 (COCOIO3C.BIN) = 005D
Symbol: PINGSEQR0 (COCOIO3C.BIN) = 005A
Symbol: PINGSEQR1 (COCOIO3C.BIN) = 005B
Symbol: PMAGIC (COCOIO3C.BIN) = 0029
Symbol: PMAGICM (COCOIO3C.BIN) = 0001
Symbol: PMRUR0 (COCOIO3C.BIN) = 003A
Symbol: PMRUR1 (COCOIO3C.BIN) = 003B
Symbol: POLCAT (COCOIO3C.BIN) = A000
Symbol: PPPOE_ENA (COCOIO3C.BIN) = 0008
Symbol: PSIDR0 (COCOIO3C.BIN) = 0038
Symbol: PSIDR1 (COCOIO3C.BIN) = 0039
Symbol: PTIMER (COCOIO3C.BIN) = 0028
Symbol: RCR (COCOIO3C.BIN) = 0019
Symbol: RESET (COCOIO3C.BIN) = 0080
Symbol: RESETP (COCOIO3C.BIN) = 7E00
Symbol: RMSR (COCOIO3C.BIN) = 001A
Symbol: RSTDONE (COCOIO3C.BIN) = 7E2C
Symbol: RTR0 (COCOIO3C.BIN) = 0017
Symbol: RTR1 (COCOIO3C.BIN) = 0018
Symbol: RXBASE (COCOIO3C.BIN) = 6000
Symbol: S0_CR (COCOIO3C.BIN) = 0401
Symbol: S0_DHAR0 (COCOIO3C.BIN) = 0406
Symbol: S0_DHAR1 (COCOIO3C.BIN) = 0407
Symbol: S0_DHAR2 (COCOIO3C.BIN) = 0408
Symbol: S0_DHAR3 (COCOIO3C.BIN) = 0409
Symbol: S0_DHAR4 (COCOIO3C.BIN) = 040A
Symbol: S0_DHAR5 (COCOIO3C.BIN) = 040B
Symbol: S0_DIPR0 (COCOIO3C.BIN) = 040C
Symbol: S0_DIPR1 (COCOIO3C.BIN) = 040D
Symbol: S0_DIPR2 (COCOIO3C.BIN) = 040E
Symbol: S0_DIPR3 (COCOIO3C.BIN) = 040F
Symbol: S0_DPORTR0 (COCOIO3C.BIN) = 0410
Symbol: S0_DPORTR1 (COCOIO3C.BIN) = 0411
Symbol: S0_FRAGR0 (COCOIO3C.BIN) = 042D
Symbol: S0_FRAGR1 (COCOIO3C.BIN) = 042E
Symbol: S0_IMR (COCOIO3C.BIN) = 042C
Symbol: S0_IR (COCOIO3C.BIN) = 0402
Symbol: S0_KPALVTR (COCOIO3C.BIN) = 0430
Symbol: S0_MR (COCOIO3C.BIN) = 0400
Symbol: S0_MR2 (COCOIO3C.BIN) = 042F
Symbol: S0_MSS0 (COCOIO3C.BIN) = 0412
Symbol: S0_MSS1 (COCOIO3C.BIN) = 0413
Symbol: S0_PORTR0 (COCOIO3C.BIN) = 0404
Symbol: S0_PORTR1 (COCOIO3C.BIN) = 0405
Symbol: S0_PROTOR (COCOIO3C.BIN) = 0414
Symbol: S0_RCR (COCOIO3C.BIN) = 0434
Symbol: S0_RTR0 (COCOIO3C.BIN) = 0432
Symbol: S0_RTR1 (COCOIO3C.BIN) = 0433
Symbol: S0_RX_RD0 (COCOIO3C.BIN) = 0428
Symbol: S0_RX_RD1 (COCOIO3C.BIN) = 0429
Symbol: S0_RX_RSR0 (COCOIO3C.BIN) = 0426
Symbol: S0_RX_RSR1 (COCOIO3C.BIN) = 0427
Symbol: S0_RX_WR0 (COCOIO3C.BIN) = 042A
Symbol: S0_RX_WR1 (COCOIO3C.BIN) = 042B
Symbol: S0_RXBUF_SIZE (COCOIO3C.BIN) = 041E
Symbol: S0_SR (COCOIO3C.BIN) = 0403
Symbol: S0_TOS (COCOIO3C.BIN) = 0415
Symbol: S0_TTL (COCOIO3C.BIN) = 0416
Symbol: S0_TX_FSR0 (COCOIO3C.BIN) = 0420
Symbol: S0_TX_FSR1 (COCOIO3C.BIN) = 0421
Symbol: S0_TX_RD0 (COCOIO3C.BIN) = 0422
Symbol: S0_TX_RD1 (COCOIO3C.BIN) = 0423
Symbol: S0_TX_WR0 (COCOIO3C.BIN) = 0424
Symbol: S0_TX_WR1 (COCOIO3C.BIN) = 0425
Symbol: S0_TXBUF_SIZE (COCOIO3C.BIN) = 041F
Symbol: S1_CR (COCOIO3C.BIN) = 0501
Symbol: S1_DHAR0 (COCOIO3C.BIN) = 0506
Symbol: S1_DHAR1 (COCOIO3C.BIN) = 0507
Symbol: S1_DHAR2 (COCOIO3C.BIN) = 0508
Symbol: S1_DHAR3 (COCOIO3C.BIN) = 0509
Symbol: S1_DHAR4 (COCOIO3C.BIN) = 050A
Symbol: S1_DHAR5 (COCOIO3C.BIN) = 050B
Symbol: S1_DIPR0 (COCOIO3C.BIN) = 050C
Symbol: S1_DIPR1 (COCOIO3C.BIN) = 050D
Symbol: S1_DIPR2 (COCOIO3C.BIN) = 050E
Symbol: S1_DIPR3 (COCOIO3C.BIN) = 050F
Symbol: S1_DPORTR0 (COCOIO3C.BIN) = 0510
Symbol: S1_DPORTR1 (COCOIO3C.BIN) = 0511
Symbol: S1_FRAGR0 (COCOIO3C.BIN) = 052D
Symbol: S1_FRAGR1 (COCOIO3C.BIN) = 052E
Symbol: S1_IMR (COCOIO3C.BIN) = 052C
Symbol: S1_IR (COCOIO3C.BIN) = 0502
Symbol: S1_KPALVTR (COCOIO3C.BIN) = 0530
Symbol: S1_MR (COCOIO3C.BIN) = 0500
Symbol: S1_MR2 (COCOIO3C.BIN) = 052F
Symbol: S1_MSS0 (COCOIO3C.BIN) = 0512
Symbol: S1_MSS1 (COCOIO3C.BIN) = 0513
Symbol: S1_PORTR0 (COCOIO3C.BIN) = 0504
Symbol: S1_PORTR1 (COCOIO3C.BIN) = 0505
Symbol: S1_PROTOR (COCOIO3C.BIN) = 0514
Symbol: S1_RCR (COCOIO3C.BIN) = 0534
Symbol: S1_RTR0 (COCOIO3C.BIN) = 0532
Symbol: S1_RTR1 (COCOIO3C.BIN) = 0533
Symbol: S1_RX_RD0 (COCOIO3C.BIN) = 0528
Symbol: S1_RX_RD1 (COCOIO3C.BIN) = 0529
Symbol: S1_RX_RSR0 (COCOIO3C.BIN) = 0526
Symbol: S1_RX_RSR1 (COCOIO3C.BIN) = 0527
Symbol: S1_RX_WR0 (COCOIO3C.BIN) = 052A
Symbol: S1_RX_WR1 (COCOIO3C.BIN) = 052B
Symbol: S1_RXBUF_SIZE (COCOIO3C.BIN) = 051E
Symbol: S1_SR (COCOIO3C.BIN) = 0503
Symbol: S1_TOS (COCOIO3C.BIN) = 0515
Symbol: S1_TTL (COCOIO3C.BIN) = 0516
Symbol: S1_TX_FSR0 (COCOIO3C.BIN) = 0520
Symbol: S1_TX_FSR1 (COCOIO3C.BIN) = 0521
Symbol: S1_TX_RD0 (COCOIO3C.BIN) = 0522
Symbol: S1_TX_RD1 (COCOIO3C.BIN) = 0523
Symbol: S1_TX_WR0 (COCOIO3C.BIN) = 0524
Symbol: S1_TX_WR1 (COCOIO3C.BIN) = 0525
Symbol: S1_TXBUF_SIZE (COCOIO3C.BIN) = 051F
Symbol: S2_CR (COCOIO3C.BIN) = 0601
Symbol: S2_DHAR0 (COCOIO3C.BIN) = 0606
Symbol: S2_DHAR1 (COCOIO3C.BIN) = 0607
Symbol: S2_DHAR2 (COCOIO3C.BIN) = 0608
Symbol: S2_DHAR3 (COCOIO3C.BIN) = 0609
Symbol: S2_DHAR4 (COCOIO3C.BIN) = 060A
Symbol: S2_DHAR5 (COCOIO3C.BIN) = 060B
Symbol: S2_DIPR0 (COCOIO3C.BIN) = 060C
Symbol: S2_DIPR1 (COCOIO3C.BIN) = 060D
Symbol: S2_DIPR2 (COCOIO3C.BIN) = 060E
Symbol: S2_DIPR3 (COCOIO3C.BIN) = 060F
Symbol: S2_DPORTR0 (COCOIO3C.BIN) = 0610
Symbol: S2_DPORTR1 (COCOIO3C.BIN) = 0611
Symbol: S2_FRAGR0 (COCOIO3C.BIN) = 062D
Symbol: S2_FRAGR1 (COCOIO3C.BIN) = 062E
Symbol: S2_IMR (COCOIO3C.BIN) = 062C
Symbol: S2_IR (COCOIO3C.BIN) = 0602
Symbol: S2_KPALVTR (COCOIO3C.BIN) = 0630
Symbol: S2_MR (COCOIO3C.BIN) = 0600
Symbol: S2_MR2 (COCOIO3C.BIN) = 062F
Symbol: S2_MSS0 (COCOIO3C.BIN) = 0612
Symbol: S2_MSS1 (COCOIO3C.BIN) = 0613
Symbol: S2_PORTR0 (COCOIO3C.BIN) = 0604
Symbol: S2_PORTR1 (COCOIO3C.BIN) = 0605
Symbol: S2_PROTOR (COCOIO3C.BIN) = 0614
Symbol: S2_RCR (COCOIO3C.BIN) = 0634
Symbol: S2_RTR0 (COCOIO3C.BIN) = 0632
Symbol: S2_RTR1 (COCOIO3C.BIN) = 0633
Symbol: S2_RX_RD0 (COCOIO3C.BIN) = 0628
Symbol: S2_RX_RD1 (COCOIO3C.BIN) = 0629
Symbol: S2_RX_RSR0 (COCOIO3C.BIN) = 0626
Symbol: S2_RX_RSR1 (COCOIO3C.BIN) = 0627
Symbol: S2_RX_WR0 (COCOIO3C.BIN) = 062A
Symbol: S2_RX_WR1 (COCOIO3C.BIN) = 062B
Symbol: S2_RXBUF_SIZE (COCOIO3C.BIN) = 061E
Symbol: S2_SR (COCOIO3C.BIN) = 0603
Symbol: S2_TOS (COCOIO3C.BIN) = 0615
Symbol: S2_TTL (COCOIO3C.BIN) = 0616
Symbol: S2_TX_FSR0 (COCOIO3C.BIN) = 0620
Symbol: S2_TX_FSR1 (COCOIO3C.BIN) = 0621
Symbol: S2_TX_RD0 (COCOIO3C.BIN) = 0622
Symbol: S2_TX_RD1 (COCOIO3C.BIN) = 0623
Symbol: S2_TX_WR0 (COCOIO3C.BIN) = 0624
Symbol: S2_TX_WR1 (COCOIO3C.BIN) = 0625
Symbol: S2_TXBUF_SIZE (COCOIO3C.BIN) = 061F
Symbol: S3_CR (COCOIO3C.BIN) = 0701
Symbol: S3_DHAR0 (COCOIO3C.BIN) = 0706
Symbol: S3_DHAR1 (COCOIO3C.BIN) = 0707
Symbol: S3_DHAR2 (COCOIO3C.BIN) = 0708
Symbol: S3_DHAR3 (COCOIO3C.BIN) = 0709
Symbol: S3_DHAR4 (COCOIO3C.BIN) = 070A
Symbol: S3_DHAR5 (COCOIO3C.BIN) = 070B
Symbol: S3_DIPR0 (COCOIO3C.BIN) = 070C
Symbol: S3_DIPR1 (COCOIO3C.BIN) = 070D
Symbol: S3_DIPR2 (COCOIO3C.BIN) = 070E
Symbol: S3_DIPR3 (COCOIO3C.BIN) = 070F
Symbol: S3_DPORTR0 (COCOIO3C.BIN) = 0710
Symbol: S3_DPORTR1 (COCOIO3C.BIN) = 0711
Symbol: S3_FRAGR0 (COCOIO3C.BIN) = 072D
Symbol: S3_FRAGR1 (COCOIO3C.BIN) = 072E
Symbol: S3_IMR (COCOIO3C.BIN) = 072C
Symbol: S3_IR (COCOIO3C.BIN) = 0702
Symbol: S3_KPALVTR (COCOIO3C.BIN) = 0730
Symbol: S3_MR (COCOIO3C.BIN) = 0700
Symbol: S3_MR2 (COCOIO3C.BIN) = 072F
Symbol: S3_MSS0 (COCOIO3C.BIN) = 0712
Symbol: S3_MSS1 (COCOIO3C.BIN) = 0713
Symbol: S3_PORTR0 (COCOIO3C.BIN) = 0704
Symbol: S3_PORTR1 (COCOIO3C.BIN) = 0705
Symbol: S3_PROTOR (COCOIO3C.BIN) = 0714
Symbol: S3_RCR (COCOIO3C.BIN) = 0734
Symbol: S3_RTR0 (COCOIO3C.BIN) = 0732
Symbol: S3_RTR1 (COCOIO3C.BIN) = 0733
Symbol: S3_RX_RD0 (COCOIO3C.BIN) = 0728
Symbol: S3_RX_RD1 (COCOIO3C.BIN) = 0729
Symbol: S3_RX_RSR0 (COCOIO3C.BIN) = 0726
Symbol: S3_RX_RSR1 (COCOIO3C.BIN) = 0727
Symbol: S3_RX_WR0 (COCOIO3C.BIN) = 072A
Symbol: S3_RX_WR1 (COCOIO3C.BIN) = 072B
Symbol: S3_RXBUF_SIZE (COCOIO3C.BIN) = 071E
Symbol: S3_SR (COCOIO3C.BIN) = 0703
Symbol: S3_TOS (COCOIO3C.BIN) = 0715
Symbol: S3_TTL (COCOIO3C.BIN) = 0716
Symbol: S3_TX_FSR0 (COCOIO3C.BIN) = 0720
Symbol: S3_TX_FSR1 (COCOIO3C.BIN) = 0721
Symbol: S3_TX_RD0 (COCOIO3C.BIN) = 0722
Symbol: S3_TX_RD1 (COCOIO3C.BIN) = 0723
Symbol: S3_TX_WR0 (COCOIO3C.BIN) = 0724
Symbol: S3_TX_WR1 (COCOIO3C.BIN) = 0725
Symbol: S3_TXBUF_SIZE (COCOIO3C.BIN) = 071F
Symbol: S_BUFSZ0K (COCOIO3C.BIN) = 0000
Symbol: S_BUFSZ1K (COCOIO3C.BIN) = 0001
Symbol: S_BUFSZ2K (COCOIO3C.BIN) = 0002
Symbol: S_BUFSZ4K (COCOIO3C.BIN) = 0004
Symbol: S_BUFSZ8K (COCOIO3C.BIN) = 0008
Symbol: S_CR_CLOSE (COCOIO3C.BIN) = 0010
Symbol: S_CR_CNNCT (COCOIO3C.BIN) = 0004
Symbol: S_CR_DSCON (COCOIO3C.BIN) = 0008
Symbol: S_CR_LSTEN (COCOIO3C.BIN) = 0002
Symbol: S_CR_OPEN (COCOIO3C.BIN) = 0001
Symbol: S_CR_RECV (COCOIO3C.BIN) = 0040
Symbol: S_CR_SEND (COCOIO3C.BIN) = 0020
Symbol: S_CR_SKEEP (COCOIO3C.BIN) = 0022
Symbol: S_CR_SMAC (COCOIO3C.BIN) = 0021
Symbol: S_MR2_BRDB (COCOIO3C.BIN) = 0002
Symbol: S_MR2_I6BLK (COCOIO3C.BIN) = 0010
Symbol: S_MR2_MBBLK (COCOIO3C.BIN) = 0040
Symbol: S_MR2_MMBLK (COCOIO3C.BIN) = 0020
Symbol: S_MR2_UNIB (COCOIO3C.BIN) = 0001
Symbol: S_MR_CLSD (COCOIO3C.BIN) = 0000
Symbol: S_MR_IPRAW (COCOIO3C.BIN) = 0003
Symbol: S_MR_MF (COCOIO3C.BIN) = 0040
Symbol: S_MR_MRAW (COCOIO3C.BIN) = 0004
Symbol: S_MR_MULTI (COCOIO3C.BIN) = 0080
Symbol: S_MR_ND_MC (COCOIO3C.BIN) = 0020
Symbol: S_MR_TCP (COCOIO3C.BIN) = 0001
Symbol: S_MR_UDP (COCOIO3C.BIN) = 0002
Symbol: S_SR_CLSD (COCOIO3C.BIN) = 0000
Symbol: S_SR_ESTB (COCOIO3C.BIN) = 0017
Symbol: S_SR_FIWA (COCOIO3C.BIN) = 0018
Symbol: S_SR_INIT (COCOIO3C.BIN) = 0013
Symbol: S_SR_IRAW (COCOIO3C.BIN) = 0032
Symbol: S_SR_LACK (COCOIO3C.BIN) = 001D
Symbol: S_SR_LSTN (COCOIO3C.BIN) = 0014
Symbol: S_SR_MRAW (COCOIO3C.BIN) = 0042
Symbol: S_SR_SRCV (COCOIO3C.BIN) = 0016
Symbol: S_SR_SSNT (COCOIO3C.BIN) = 0015
Symbol: S_SR_TIWA (COCOIO3C.BIN) = 001B
Symbol: S_SR_UDP (COCOIO3C.BIN) = 0022
Symbol: S_SR_WAIT (COCOIO3C.BIN) = 001C
Symbol: SETMODE (COCOIO3C.BIN) = 7E31
Symbol: SHAR0 (COCOIO3C.BIN) = 0009
Symbol: SHAR1 (COCOIO3C.BIN) = 000A
Symbol: SHAR2 (COCOIO3C.BIN) = 000B
Symbol: SHAR3 (COCOIO3C.BIN) = 000C
Symbol: SHAR4 (COCOIO3C.BIN) = 000D
Symbol: SHAR5 (COCOIO3C.BIN) = 000E
Symbol: SHARLOOP (COCOIO3C.BIN) = 7E8A
Symbol: SIPR0 (COCOIO3C.BIN) = 000F
Symbol: SIPR1 (COCOIO3C.BIN) = 0010
Symbol: SIPR2 (COCOIO3C.BIN) = 0011
Symbol: SIPR3 (COCOIO3C.BIN) = 0012
Symbol: SIPRLOOP (COCOIO3C.BIN) = 7EA1
Symbol: SIR_CNNCT (COCOIO3C.BIN) = 0001
Symbol: SIR_DSCON (COCOIO3C.BIN) = 0002
Symbol: SIR_RECV (COCOIO3C.BIN) = 0004
Symbol: SIR_SNDOK (COCOIO3C.BIN) = 0010
Symbol: SIR_TMOUT (COCOIO3C.BIN) = 0008
Symbol: SLCR (COCOIO3C.BIN) = 004C
Symbol: SLCR_ARP (COCOIO3C.BIN) = 0002
Symbol: SLCR_PING (COCOIO3C.BIN) = 0001
Symbol: SLIMR (COCOIO3C.BIN) = 005E
Symbol: SLIMR_ARP (COCOIO3C.BIN) = 0002
Symbol: SLIMR_PING (COCOIO3C.BIN) = 0001
Symbol: SLIMR_TOUT (COCOIO3C.BIN) = 0004
Symbol: SLIR (COCOIO3C.BIN) = 005F
Symbol: SLIR_ARP (COCOIO3C.BIN) = 0002
Symbol: SLIR_PING (COCOIO3C.BIN) = 0001
Symbol: SLIR_TOUT (COCOIO3C.BIN) = 0004
Symbol: SLPHAR0 (COCOIO3C.BIN) = 0054
Symbol: SLPHAR1 (COCOIO3C.BIN) = 0055
Symbol: SLPHAR2 (COCOIO3C.BIN) = 0056
Symbol: SLPHAR3 (COCOIO3C.BIN) = 0057
Symbol: SLPHAR4 (COCOIO3C.BIN) = 0058
Symbol: SLPHAR5 (COCOIO3C.BIN) = 0059
Symbol: SLPIPR0 (COCOIO3C.BIN) = 0050
Symbol: SLPIPR1 (COCOIO3C.BIN) = 0051
Symbol: SLPIPR2 (COCOIO3C.BIN) = 0052
Symbol: SLPIPR3 (COCOIO3C.BIN) = 0053
Symbol: SLRCR (COCOIO3C.BIN) = 004F
Symbol: SLRTR0 (COCOIO3C.BIN) = 004D
Symbol: SLRTR1 (COCOIO3C.BIN) = 004E
Symbol: SNLABEL (COCOIO3C.BIN) = 7F8F
Symbol: SOCK_CLOS (COCOIO3C.BIN) = 0000
Symbol: SOCK_ESTB (COCOIO3C.BIN) = 0017
Symbol: SOCK_FIWA (COCOIO3C.BIN) = 0018
Symbol: SOCK_INIT (COCOIO3C.BIN) = 0013
Symbol: SOCK_IRAW (COCOIO3C.BIN) = 0032
Symbol: SOCK_LACK (COCOIO3C.BIN) = 001D
Symbol: SOCK_LSTN (COCOIO3C.BIN) = 0014
Symbol: SOCK_MRAW (COCOIO3C.BIN) = 0042
Symbol: SOCK_SRCV (COCOIO3C.BIN) = 0016
Symbol: SOCK_SSNT (COCOIO3C.BIN) = 0015
Symbol: SOCK_TIWA (COCOIO3C.BIN) = 001B
Symbol: SOCK_UDP (COCOIO3C.BIN) = 0022
Symbol: SOCK_WAIT (COCOIO3C.BIN) = 001C
Symbol: SUBNET (COCOIO3C.BIN) = 7E09
Symbol: SUBR0 (COCOIO3C.BIN) = 0005
Symbol: SUBR1 (COCOIO3C.BIN) = 0006
Symbol: SUBR2 (COCOIO3C.BIN) = 0007
Symbol: SUBR3 (COCOIO3C.BIN) = 0008
Symbol: SUBRLOOP (COCOIO3C.BIN) = 7E73
Symbol: TCNTCLR (COCOIO3C.BIN) = 0088
Symbol: TCNTR0 (COCOIO3C.BIN) = 0082
Symbol: TCNTR1 (COCOIO3C.BIN) = 0083
Symbol: TMSR (COCOIO3C.BIN) = 001B
Symbol: TXBASE (COCOIO3C.BIN) = 4000
Symbol: UIPR0 (COCOIO3C.BIN) = 002A
Symbol: UIPR1 (COCOIO3C.BIN) = 002B
Symbol: UIPR2 (COCOIO3C.BIN) = 002C
Symbol: UIPR3 (COCOIO3C.BIN) = 002D
Symbol: UPORTR0 (COCOIO3C.BIN) = 002E
Symbol: UPORTR1 (COCOIO3C.BIN) = 002F
Symbol: VERR (COCOIO3C.BIN) = 0080
Symbol: W5100_CFG (COCOIO3C.BIN) = 7E3E
Symbol: W5100_GATEWAY (COCOIO3C.BIN) = 7E4E
Symbol: W5100_HARDWARE (COCOIO3C.BIN) = 7E7C
Symbol: W5100_IPADDR (COCOIO3C.BIN) = 7E93
Symbol: W5100_RST (COCOIO3C.BIN) = 7E21
Symbol: W5100_SUBNET (COCOIO3C.BIN) = 7E65
